Flow report for miniproject_1024
Sat Dec 03 21:29:49 2022
Quartus Prime Version 18.1.0 Build 625 09/12/2018 SJ Lite Edition


---------------------
; Table of Contents ;
---------------------
  1. Legal Notice
  2. Flow Summary
  3. Flow Settings
  4. Flow Non-Default Global Settings
  5. Flow Elapsed Time
  6. Flow OS Summary
  7. Flow Log
  8. Flow Messages
  9. Flow Suppressed Messages



----------------
; Legal Notice ;
----------------
Copyright (C) 2018  Intel Corporation. All rights reserved.
Your use of Intel Corporation's design tools, logic functions 
and other software and tools, and its AMPP partner logic 
functions, and any output files from any of the foregoing 
(including device programming or simulation files), and any 
associated documentation or information are expressly subject 
to the terms and conditions of the Intel Program License 
Subscription Agreement, the Intel Quartus Prime License Agreement,
the Intel FPGA IP License Agreement, or other applicable license
agreement, including, without limitation, that your use is for
the sole purpose of programming logic devices manufactured by
Intel and sold by Intel or its authorized distributors.  Please
refer to the applicable agreement for further details.



+----------------------------------------------------------------------------------+
; Flow Summary                                                                     ;
+------------------------------------+---------------------------------------------+
; Flow Status                        ; Successful - Sat Dec 03 21:29:39 2022       ;
; Quartus Prime Version              ; 18.1.0 Build 625 09/12/2018 SJ Lite Edition ;
; Revision Name                      ; miniproject_1024                            ;
; Top-level Entity Name              ; miniproject_1024                            ;
; Family                             ; Cyclone IV E                                ;
; Device                             ; EP4CE22F17C6                                ;
; Timing Models                      ; Final                                       ;
; Total logic elements               ; 9,139 / 22,320 ( 41 % )                     ;
;     Total combinational functions  ; 7,870 / 22,320 ( 35 % )                     ;
;     Dedicated logic registers      ; 7,362 / 22,320 ( 33 % )                     ;
; Total registers                    ; 7362                                        ;
; Total pins                         ; 1 / 154 ( < 1 % )                           ;
; Total virtual pins                 ; 0                                           ;
; Total memory bits                  ; 199,716 / 608,256 ( 33 % )                  ;
; Embedded Multiplier 9-bit elements ; 48 / 132 ( 36 % )                           ;
; Total PLLs                         ; 1 / 4 ( 25 % )                              ;
+------------------------------------+---------------------------------------------+


+-----------------------------------------+
; Flow Settings                           ;
+-------------------+---------------------+
; Option            ; Setting             ;
+-------------------+---------------------+
; Start date & time ; 12/03/2022 21:25:36 ;
; Main task         ; Compilation         ;
; Revision Name     ; miniproject_1024    ;
+-------------------+---------------------+


+-----------------------------------------------------------------------------------------------------------------------------------------------------------------------------------------------------------------------------------------------------------------------------------------------------+
; Flow Non-Default Global Settings                                                                                                                                                                                                                                                                    ;
+-------------------------------------+-------------------------------------------------------------------------------------------------------------------------------------------------------------------------------------------------------------+---------------+--------------+------------------+
; Assignment Name                     ; Value                                                                                                                                                                                                       ; Default Value ; Entity Name  ; Section Id       ;
+-------------------------------------+-------------------------------------------------------------------------------------------------------------------------------------------------------------------------------------------------------------+---------------+--------------+------------------+
; COMPILER_SIGNATURE_ID               ; 61722475790711.167008293513812                                                                                                                                                                              ; --            ; --           ; --               ;
; EDA_OUTPUT_DATA_FORMAT              ; None                                                                                                                                                                                                        ; --            ; --           ; eda_simulation   ;
; EDA_TIME_SCALE                      ; 1 ps                                                                                                                                                                                                        ; --            ; --           ; eda_simulation   ;
; ENABLE_SIGNALTAP                    ; On                                                                                                                                                                                                          ; --            ; --           ; --               ;
; MAX_CORE_JUNCTION_TEMP              ; 85                                                                                                                                                                                                          ; --            ; --           ; --               ;
; MESSAGE_DISABLE                     ; 270007                                                                                                                                                                                                      ; --            ; fft_fft_ii_0 ; --               ;
; MIN_CORE_JUNCTION_TEMP              ; 0                                                                                                                                                                                                           ; --            ; --           ; --               ;
; MISC_FILE                           ; fft/synthesis/../fft.cmp                                                                                                                                                                                    ; --            ; --           ; --               ;
; MISC_FILE                           ; fft/synthesis/../../fft.qsys                                                                                                                                                                                ; --            ; --           ; --               ;
; MISC_FILE                           ; fft/simulation/../../fft.qsys                                                                                                                                                                               ; --            ; --           ; --               ;
; MISC_FILE                           ; fft/simulation/fft.v                                                                                                                                                                                        ; --            ; --           ; --               ;
; MISC_FILE                           ; fft/simulation/submodules/fft_fft_ii_0_opt_twi1.hex                                                                                                                                                         ; --            ; --           ; --               ;
; MISC_FILE                           ; fft/simulation/submodules/fft_fft_ii_0_opt_twr4.hex                                                                                                                                                         ; --            ; --           ; --               ;
; MISC_FILE                           ; fft/simulation/submodules/fft_fft_ii_0_opt_twr1.hex                                                                                                                                                         ; --            ; --           ; --               ;
; MISC_FILE                           ; fft/simulation/submodules/fft_fft_ii_0_opt_twi2.hex                                                                                                                                                         ; --            ; --           ; --               ;
; MISC_FILE                           ; fft/simulation/submodules/fft_fft_ii_0_opt_twi3.hex                                                                                                                                                         ; --            ; --           ; --               ;
; MISC_FILE                           ; fft/simulation/submodules/fft_fft_ii_0_opt_twr2.hex                                                                                                                                                         ; --            ; --           ; --               ;
; MISC_FILE                           ; fft/simulation/submodules/fft_fft_ii_0_opt_twi4.hex                                                                                                                                                         ; --            ; --           ; --               ;
; MISC_FILE                           ; fft/simulation/submodules/fft_fft_ii_0_opt_twr3.hex                                                                                                                                                         ; --            ; --           ; --               ;
; MISC_FILE                           ; fft/simulation/submodules/auk_dspip_text_pkg.vhd                                                                                                                                                            ; --            ; --           ; --               ;
; MISC_FILE                           ; fft/simulation/submodules/auk_dspip_math_pkg.vhd                                                                                                                                                            ; --            ; --           ; --               ;
; MISC_FILE                           ; fft/simulation/submodules/auk_dspip_lib_pkg.vhd                                                                                                                                                             ; --            ; --           ; --               ;
; MISC_FILE                           ; fft/simulation/submodules/mentor/auk_dspip_avalon_streaming_block_sink.vhd                                                                                                                                  ; --            ; --           ; --               ;
; MISC_FILE                           ; fft/simulation/submodules/aldec/auk_dspip_avalon_streaming_block_sink.vhd                                                                                                                                   ; --            ; --           ; --               ;
; MISC_FILE                           ; fft/simulation/submodules/mentor/auk_dspip_avalon_streaming_block_source.vhd                                                                                                                                ; --            ; --           ; --               ;
; MISC_FILE                           ; fft/simulation/submodules/aldec/auk_dspip_avalon_streaming_block_source.vhd                                                                                                                                 ; --            ; --           ; --               ;
; MISC_FILE                           ; fft/simulation/submodules/auk_dspip_roundsat.vhd                                                                                                                                                            ; --            ; --           ; --               ;
; MISC_FILE                           ; fft/simulation/submodules/mentor/apn_fft_mult_can.vhd                                                                                                                                                       ; --            ; --           ; --               ;
; MISC_FILE                           ; fft/simulation/submodules/aldec/apn_fft_mult_can.vhd                                                                                                                                                        ; --            ; --           ; --               ;
; MISC_FILE                           ; fft/simulation/submodules/mentor/apn_fft_mult_cpx_1825.v                                                                                                                                                    ; --            ; --           ; --               ;
; MISC_FILE                           ; fft/simulation/submodules/aldec/apn_fft_mult_cpx_1825.v                                                                                                                                                     ; --            ; --           ; --               ;
; MISC_FILE                           ; fft/simulation/submodules/mentor/apn_fft_mult_cpx.vhd                                                                                                                                                       ; --            ; --           ; --               ;
; MISC_FILE                           ; fft/simulation/submodules/aldec/apn_fft_mult_cpx.vhd                                                                                                                                                        ; --            ; --           ; --               ;
; MISC_FILE                           ; fft/simulation/submodules/auk_dspip_r22sdf_top.ocp                                                                                                                                                          ; --            ; --           ; --               ;
; MISC_FILE                           ; fft/simulation/submodules/mentor/hyper_opt_OFF_pkg.vhd                                                                                                                                                      ; --            ; --           ; --               ;
; MISC_FILE                           ; fft/simulation/submodules/aldec/hyper_opt_OFF_pkg.vhd                                                                                                                                                       ; --            ; --           ; --               ;
; MISC_FILE                           ; fft/simulation/submodules/mentor/altera_fft_dual_port_ram.vhd                                                                                                                                               ; --            ; --           ; --               ;
; MISC_FILE                           ; fft/simulation/submodules/aldec/altera_fft_dual_port_ram.vhd                                                                                                                                                ; --            ; --           ; --               ;
; MISC_FILE                           ; fft/simulation/submodules/mentor/altera_fft_dual_port_rom.vhd                                                                                                                                               ; --            ; --           ; --               ;
; MISC_FILE                           ; fft/simulation/submodules/aldec/altera_fft_dual_port_rom.vhd                                                                                                                                                ; --            ; --           ; --               ;
; MISC_FILE                           ; fft/simulation/submodules/mentor/altera_fft_mult_add.vhd                                                                                                                                                    ; --            ; --           ; --               ;
; MISC_FILE                           ; fft/simulation/submodules/aldec/altera_fft_mult_add.vhd                                                                                                                                                     ; --            ; --           ; --               ;
; MISC_FILE                           ; fft/simulation/submodules/mentor/altera_fft_single_port_rom.vhd                                                                                                                                             ; --            ; --           ; --               ;
; MISC_FILE                           ; fft/simulation/submodules/aldec/altera_fft_single_port_rom.vhd                                                                                                                                              ; --            ; --           ; --               ;
; MISC_FILE                           ; fft/simulation/submodules/mentor/auk_fft_pkg.vhd                                                                                                                                                            ; --            ; --           ; --               ;
; MISC_FILE                           ; fft/simulation/submodules/aldec/auk_fft_pkg.vhd                                                                                                                                                             ; --            ; --           ; --               ;
; MISC_FILE                           ; fft/simulation/submodules/mentor/hyper_pipeline_interface.v                                                                                                                                                 ; --            ; --           ; --               ;
; MISC_FILE                           ; fft/simulation/submodules/aldec/hyper_pipeline_interface.v                                                                                                                                                  ; --            ; --           ; --               ;
; MISC_FILE                           ; fft/simulation/submodules/mentor/counter_module.sv                                                                                                                                                          ; --            ; --           ; --               ;
; MISC_FILE                           ; fft/simulation/submodules/aldec/counter_module.sv                                                                                                                                                           ; --            ; --           ; --               ;
; MISC_FILE                           ; fft/simulation/submodules/mentor/auk_dspip_r22sdf_lib_pkg.vhd                                                                                                                                               ; --            ; --           ; --               ;
; MISC_FILE                           ; fft/simulation/submodules/aldec/auk_dspip_r22sdf_lib_pkg.vhd                                                                                                                                                ; --            ; --           ; --               ;
; MISC_FILE                           ; fft/simulation/submodules/mentor/auk_dspip_bit_reverse_addr_control.vhd                                                                                                                                     ; --            ; --           ; --               ;
; MISC_FILE                           ; fft/simulation/submodules/aldec/auk_dspip_bit_reverse_addr_control.vhd                                                                                                                                      ; --            ; --           ; --               ;
; MISC_FILE                           ; fft/simulation/submodules/mentor/auk_dspip_bit_reverse_core.vhd                                                                                                                                             ; --            ; --           ; --               ;
; MISC_FILE                           ; fft/simulation/submodules/aldec/auk_dspip_bit_reverse_core.vhd                                                                                                                                              ; --            ; --           ; --               ;
; MISC_FILE                           ; fft/simulation/submodules/mentor/auk_dspip_bit_reverse_reverse_carry_adder.vhd                                                                                                                              ; --            ; --           ; --               ;
; MISC_FILE                           ; fft/simulation/submodules/aldec/auk_dspip_bit_reverse_reverse_carry_adder.vhd                                                                                                                               ; --            ; --           ; --               ;
; MISC_FILE                           ; fft/simulation/submodules/mentor/auk_dspip_r22sdf_adder_fp.vhd                                                                                                                                              ; --            ; --           ; --               ;
; MISC_FILE                           ; fft/simulation/submodules/aldec/auk_dspip_r22sdf_adder_fp.vhd                                                                                                                                               ; --            ; --           ; --               ;
; MISC_FILE                           ; fft/simulation/submodules/mentor/auk_dspip_r22sdf_addsub.vhd                                                                                                                                                ; --            ; --           ; --               ;
; MISC_FILE                           ; fft/simulation/submodules/aldec/auk_dspip_r22sdf_addsub.vhd                                                                                                                                                 ; --            ; --           ; --               ;
; MISC_FILE                           ; fft/simulation/submodules/mentor/auk_dspip_r22sdf_bfi.vhd                                                                                                                                                   ; --            ; --           ; --               ;
; MISC_FILE                           ; fft/simulation/submodules/aldec/auk_dspip_r22sdf_bfi.vhd                                                                                                                                                    ; --            ; --           ; --               ;
; MISC_FILE                           ; fft/simulation/submodules/mentor/auk_dspip_r22sdf_bfii.vhd                                                                                                                                                  ; --            ; --           ; --               ;
; MISC_FILE                           ; fft/simulation/submodules/aldec/auk_dspip_r22sdf_bfii.vhd                                                                                                                                                   ; --            ; --           ; --               ;
; MISC_FILE                           ; fft/simulation/submodules/mentor/auk_dspip_r22sdf_bf_control.vhd                                                                                                                                            ; --            ; --           ; --               ;
; MISC_FILE                           ; fft/simulation/submodules/aldec/auk_dspip_r22sdf_bf_control.vhd                                                                                                                                             ; --            ; --           ; --               ;
; MISC_FILE                           ; fft/simulation/submodules/mentor/auk_dspip_r22sdf_cma.vhd                                                                                                                                                   ; --            ; --           ; --               ;
; MISC_FILE                           ; fft/simulation/submodules/aldec/auk_dspip_r22sdf_cma.vhd                                                                                                                                                    ; --            ; --           ; --               ;
; MISC_FILE                           ; fft/simulation/submodules/mentor/auk_dspip_r22sdf_cma_adder_fp.vhd                                                                                                                                          ; --            ; --           ; --               ;
; MISC_FILE                           ; fft/simulation/submodules/aldec/auk_dspip_r22sdf_cma_adder_fp.vhd                                                                                                                                           ; --            ; --           ; --               ;
; MISC_FILE                           ; fft/simulation/submodules/mentor/auk_dspip_r22sdf_cma_bfi_fp.vhd                                                                                                                                            ; --            ; --           ; --               ;
; MISC_FILE                           ; fft/simulation/submodules/aldec/auk_dspip_r22sdf_cma_bfi_fp.vhd                                                                                                                                             ; --            ; --           ; --               ;
; MISC_FILE                           ; fft/simulation/submodules/mentor/auk_dspip_r22sdf_cma_fp.vhd                                                                                                                                                ; --            ; --           ; --               ;
; MISC_FILE                           ; fft/simulation/submodules/aldec/auk_dspip_r22sdf_cma_fp.vhd                                                                                                                                                 ; --            ; --           ; --               ;
; MISC_FILE                           ; fft/simulation/submodules/mentor/auk_dspip_r22sdf_core.vhd                                                                                                                                                  ; --            ; --           ; --               ;
; MISC_FILE                           ; fft/simulation/submodules/aldec/auk_dspip_r22sdf_core.vhd                                                                                                                                                   ; --            ; --           ; --               ;
; MISC_FILE                           ; fft/simulation/submodules/mentor/auk_dspip_r22sdf_counter.vhd                                                                                                                                               ; --            ; --           ; --               ;
; MISC_FILE                           ; fft/simulation/submodules/aldec/auk_dspip_r22sdf_counter.vhd                                                                                                                                                ; --            ; --           ; --               ;
; MISC_FILE                           ; fft/simulation/submodules/mentor/auk_dspip_r22sdf_delay.vhd                                                                                                                                                 ; --            ; --           ; --               ;
; MISC_FILE                           ; fft/simulation/submodules/aldec/auk_dspip_r22sdf_delay.vhd                                                                                                                                                  ; --            ; --           ; --               ;
; MISC_FILE                           ; fft/simulation/submodules/mentor/auk_dspip_r22sdf_enable_control.vhd                                                                                                                                        ; --            ; --           ; --               ;
; MISC_FILE                           ; fft/simulation/submodules/aldec/auk_dspip_r22sdf_enable_control.vhd                                                                                                                                         ; --            ; --           ; --               ;
; MISC_FILE                           ; fft/simulation/submodules/mentor/auk_dspip_r22sdf_stage.vhd                                                                                                                                                 ; --            ; --           ; --               ;
; MISC_FILE                           ; fft/simulation/submodules/aldec/auk_dspip_r22sdf_stage.vhd                                                                                                                                                  ; --            ; --           ; --               ;
; MISC_FILE                           ; fft/simulation/submodules/mentor/auk_dspip_r22sdf_stg_out_pipe.vhd                                                                                                                                          ; --            ; --           ; --               ;
; MISC_FILE                           ; fft/simulation/submodules/aldec/auk_dspip_r22sdf_stg_out_pipe.vhd                                                                                                                                           ; --            ; --           ; --               ;
; MISC_FILE                           ; fft/simulation/submodules/mentor/auk_dspip_r22sdf_stg_pipe.vhd                                                                                                                                              ; --            ; --           ; --               ;
; MISC_FILE                           ; fft/simulation/submodules/aldec/auk_dspip_r22sdf_stg_pipe.vhd                                                                                                                                               ; --            ; --           ; --               ;
; MISC_FILE                           ; fft/simulation/submodules/mentor/auk_dspip_r22sdf_top.vhd                                                                                                                                                   ; --            ; --           ; --               ;
; MISC_FILE                           ; fft/simulation/submodules/aldec/auk_dspip_r22sdf_top.vhd                                                                                                                                                    ; --            ; --           ; --               ;
; MISC_FILE                           ; fft/simulation/submodules/mentor/auk_dspip_r22sdf_twrom.vhd                                                                                                                                                 ; --            ; --           ; --               ;
; MISC_FILE                           ; fft/simulation/submodules/aldec/auk_dspip_r22sdf_twrom.vhd                                                                                                                                                  ; --            ; --           ; --               ;
; MISC_FILE                           ; fft/simulation/submodules/fft_fft_ii_0.sv                                                                                                                                                                   ; --            ; --           ; --               ;
; MISC_FILE                           ; fft/simulation/submodules/c_model/mr42/How_To_Build.txt                                                                                                                                                     ; --            ; --           ; --               ;
; MISC_FILE                           ; fft/simulation/submodules/c_model/mr42/SVSfftmodel.mexglx                                                                                                                                                   ; --            ; --           ; --               ;
; MISC_FILE                           ; fft/simulation/submodules/c_model/mr42/SVSfftmodel.mexw32                                                                                                                                                   ; --            ; --           ; --               ;
; MISC_FILE                           ; fft/simulation/submodules/c_model/mr42/expression.cpp                                                                                                                                                       ; --            ; --           ; --               ;
; MISC_FILE                           ; fft/simulation/submodules/c_model/mr42/expression.h                                                                                                                                                         ; --            ; --           ; --               ;
; MISC_FILE                           ; fft/simulation/submodules/c_model/mr42/fft.cpp                                                                                                                                                              ; --            ; --           ; --               ;
; MISC_FILE                           ; fft/simulation/submodules/c_model/mr42/fft.h                                                                                                                                                                ; --            ; --           ; --               ;
; MISC_FILE                           ; fft/simulation/submodules/c_model/mr42/fpCompiler.cpp                                                                                                                                                       ; --            ; --           ; --               ;
; MISC_FILE                           ; fft/simulation/submodules/c_model/mr42/fpCompiler.h                                                                                                                                                         ; --            ; --           ; --               ;
; MISC_FILE                           ; fft/simulation/submodules/c_model/mr42/model_c_wrapper.cpp                                                                                                                                                  ; --            ; --           ; --               ;
; MISC_FILE                           ; fft/simulation/submodules/c_model/mr42/util.cpp                                                                                                                                                             ; --            ; --           ; --               ;
; MISC_FILE                           ; fft/simulation/submodules/c_model/mr42/util.h                                                                                                                                                               ; --            ; --           ; --               ;
; MISC_FILE                           ; fft/simulation/submodules/c_model/old_arch/Sfftmodel.c                                                                                                                                                      ; --            ; --           ; --               ;
; MISC_FILE                           ; fft/simulation/submodules/c_model/old_arch/Sfftmodel.mexa64                                                                                                                                                 ; --            ; --           ; --               ;
; MISC_FILE                           ; fft/simulation/submodules/c_model/old_arch/Sfftmodel.mexglx                                                                                                                                                 ; --            ; --           ; --               ;
; MISC_FILE                           ; fft/simulation/submodules/c_model/old_arch/Sfftmodel.mexw32                                                                                                                                                 ; --            ; --           ; --               ;
; MISC_FILE                           ; fft/simulation/submodules/c_model/old_arch/imag_input.txt                                                                                                                                                   ; --            ; --           ; --               ;
; MISC_FILE                           ; fft/simulation/submodules/c_model/old_arch/model.c                                                                                                                                                          ; --            ; --           ; --               ;
; MISC_FILE                           ; fft/simulation/submodules/c_model/old_arch/model_c_wrapper.c                                                                                                                                                ; --            ; --           ; --               ;
; MISC_FILE                           ; fft/simulation/submodules/c_model/old_arch/real_input.txt                                                                                                                                                   ; --            ; --           ; --               ;
; MISC_FILE                           ; fft/simulation/submodules/c_model/old_arch/run_c_wrapper.sh                                                                                                                                                 ; --            ; --           ; --               ;
; MISC_FILE                           ; fft/simulation/submodules/c_model/old_arch/run_model_c.sh                                                                                                                                                   ; --            ; --           ; --               ;
; MISC_FILE                           ; fft/simulation/submodules/c_model/old_arch/tbcmex.m                                                                                                                                                         ; --            ; --           ; --               ;
; MISC_FILE                           ; fft/simulation/submodules/c_model/r22sdf/SVSfftmodel.mexa64                                                                                                                                                 ; --            ; --           ; --               ;
; MISC_FILE                           ; fft/simulation/submodules/c_model/r22sdf/SVSfftmodel.mexglx                                                                                                                                                 ; --            ; --           ; --               ;
; MISC_FILE                           ; fft/simulation/submodules/c_model/r22sdf/SVSfftmodel.mexw32                                                                                                                                                 ; --            ; --           ; --               ;
; MISC_FILE                           ; fft/simulation/submodules/c_model/r22sdf/blksize_report.txt                                                                                                                                                 ; --            ; --           ; --               ;
; MISC_FILE                           ; fft/simulation/submodules/c_model/r22sdf/create_static_library.sh                                                                                                                                           ; --            ; --           ; --               ;
; MISC_FILE                           ; fft/simulation/submodules/c_model/r22sdf/expected_imag_out.txt                                                                                                                                              ; --            ; --           ; --               ;
; MISC_FILE                           ; fft/simulation/submodules/c_model/r22sdf/expected_real_out.txt                                                                                                                                              ; --            ; --           ; --               ;
; MISC_FILE                           ; fft/simulation/submodules/c_model/r22sdf/expression.cpp                                                                                                                                                     ; --            ; --           ; --               ;
; MISC_FILE                           ; fft/simulation/submodules/c_model/r22sdf/expression.h                                                                                                                                                       ; --            ; --           ; --               ;
; MISC_FILE                           ; fft/simulation/submodules/c_model/r22sdf/fft.cpp                                                                                                                                                            ; --            ; --           ; --               ;
; MISC_FILE                           ; fft/simulation/submodules/c_model/r22sdf/fft.h                                                                                                                                                              ; --            ; --           ; --               ;
; MISC_FILE                           ; fft/simulation/submodules/c_model/r22sdf/fft_model.m                                                                                                                                                        ; --            ; --           ; --               ;
; MISC_FILE                           ; fft/simulation/submodules/c_model/r22sdf/fft_tb.m                                                                                                                                                           ; --            ; --           ; --               ;
; MISC_FILE                           ; fft/simulation/submodules/c_model/r22sdf/fpCompiler.cpp                                                                                                                                                     ; --            ; --           ; --               ;
; MISC_FILE                           ; fft/simulation/submodules/c_model/r22sdf/fpCompiler.h                                                                                                                                                       ; --            ; --           ; --               ;
; MISC_FILE                           ; fft/simulation/submodules/c_model/r22sdf/how_to_compile.txt                                                                                                                                                 ; --            ; --           ; --               ;
; MISC_FILE                           ; fft/simulation/submodules/c_model/r22sdf/imag_input.txt                                                                                                                                                     ; --            ; --           ; --               ;
; MISC_FILE                           ; fft/simulation/submodules/c_model/r22sdf/main.cpp                                                                                                                                                           ; --            ; --           ; --               ;
; MISC_FILE                           ; fft/simulation/submodules/c_model/r22sdf/model.cpp                                                                                                                                                          ; --            ; --           ; --               ;
; MISC_FILE                           ; fft/simulation/submodules/c_model/r22sdf/model_c_wrapper.cpp                                                                                                                                                ; --            ; --           ; --               ;
; MISC_FILE                           ; fft/simulation/submodules/c_model/r22sdf/readme.txt                                                                                                                                                         ; --            ; --           ; --               ;
; MISC_FILE                           ; fft/simulation/submodules/c_model/r22sdf/real_input.txt                                                                                                                                                     ; --            ; --           ; --               ;
; MISC_FILE                           ; fft/simulation/submodules/c_model/r22sdf/sink.cpp                                                                                                                                                           ; --            ; --           ; --               ;
; MISC_FILE                           ; fft/simulation/submodules/c_model/r22sdf/sink.h                                                                                                                                                             ; --            ; --           ; --               ;
; MISC_FILE                           ; fft/simulation/submodules/c_model/r22sdf/source.cpp                                                                                                                                                         ; --            ; --           ; --               ;
; MISC_FILE                           ; fft/simulation/submodules/c_model/r22sdf/source.h                                                                                                                                                           ; --            ; --           ; --               ;
; MISC_FILE                           ; fft/simulation/submodules/c_model/r22sdf/system.cpp                                                                                                                                                         ; --            ; --           ; --               ;
; MISC_FILE                           ; fft/simulation/submodules/c_model/r22sdf/system.h                                                                                                                                                           ; --            ; --           ; --               ;
; MISC_FILE                           ; fft/simulation/submodules/c_model/r22sdf/util.cpp                                                                                                                                                           ; --            ; --           ; --               ;
; MISC_FILE                           ; fft/simulation/submodules/c_model/r22sdf/util.h                                                                                                                                                             ; --            ; --           ; --               ;
; MISC_FILE                           ; pll.bsf                                                                                                                                                                                                     ; --            ; --           ; --               ;
; MISC_FILE                           ; pll_bb.v                                                                                                                                                                                                    ; --            ; --           ; --               ;
; MISC_FILE                           ; pll.ppf                                                                                                                                                                                                     ; --            ; --           ; --               ;
; MISC_FILE                           ; rom.bsf                                                                                                                                                                                                     ; --            ; --           ; --               ;
; MISC_FILE                           ; rom_bb.v                                                                                                                                                                                                    ; --            ; --           ; --               ;
; NOMINAL_CORE_SUPPLY_VOLTAGE         ; 1.2V                                                                                                                                                                                                        ; --            ; --           ; --               ;
; PARTITION_COLOR                     ; -- (Not supported for targeted family)                                                                                                                                                                      ; --            ; --           ; Top              ;
; PARTITION_FITTER_PRESERVATION_LEVEL ; -- (Not supported for targeted family)                                                                                                                                                                      ; --            ; --           ; Top              ;
; PARTITION_NETLIST_TYPE              ; -- (Not supported for targeted family)                                                                                                                                                                      ; --            ; --           ; Top              ;
; POWER_BOARD_THERMAL_MODEL           ; None (CONSERVATIVE)                                                                                                                                                                                         ; --            ; --           ; --               ;
; POWER_PRESET_COOLING_SOLUTION       ; 23 MM HEAT SINK WITH 200 LFPM AIRFLOW                                                                                                                                                                       ; --            ; --           ; --               ;
; PROJECT_OUTPUT_DIRECTORY            ; output_files                                                                                                                                                                                                ; --            ; --           ; --               ;
; SLD_FILE                            ; fft/synthesis/fft.debuginfo                                                                                                                                                                                 ; --            ; --           ; --               ;
; SLD_FILE                            ; db/miniproject_1024_auto_stripped.stp                                                                                                                                                                       ; --            ; --           ; --               ;
; SLD_INFO                            ; QSYS_NAME fft HAS_SOPCINFO 1 GENERATION_ID 1662017632                                                                                                                                                       ; --            ; fft          ; --               ;
; SLD_NODE_CREATOR_ID                 ; 110                                                                                                                                                                                                         ; --            ; --           ; auto_signaltap_0 ;
; SLD_NODE_ENTITY_NAME                ; sld_signaltap                                                                                                                                                                                               ; --            ; --           ; auto_signaltap_0 ;
; SLD_NODE_PARAMETER_ASSIGNMENT       ; SLD_RAM_BLOCK_TYPE=AUTO                                                                                                                                                                                     ; --            ; --           ; auto_signaltap_0 ;
; SLD_NODE_PARAMETER_ASSIGNMENT       ; SLD_DATA_BITS=53                                                                                                                                                                                            ; --            ; --           ; auto_signaltap_0 ;
; SLD_NODE_PARAMETER_ASSIGNMENT       ; SLD_TRIGGER_BITS=53                                                                                                                                                                                         ; --            ; --           ; auto_signaltap_0 ;
; SLD_NODE_PARAMETER_ASSIGNMENT       ; SLD_STORAGE_QUALIFIER_BITS=53                                                                                                                                                                               ; --            ; --           ; auto_signaltap_0 ;
; SLD_NODE_PARAMETER_ASSIGNMENT       ; SLD_NODE_INFO=805334528                                                                                                                                                                                     ; --            ; --           ; auto_signaltap_0 ;
; SLD_NODE_PARAMETER_ASSIGNMENT       ; SLD_POWER_UP_TRIGGER=0                                                                                                                                                                                      ; --            ; --           ; auto_signaltap_0 ;
; SLD_NODE_PARAMETER_ASSIGNMENT       ; SLD_INVERSION_MASK=0000000000000000000000000000000000000000000000000000000000000000000000000000000000000000000000000000000000000000000000000000000000000000000000000000000000000000000000000000000000000000 ; --            ; --           ; auto_signaltap_0 ;
; SLD_NODE_PARAMETER_ASSIGNMENT       ; SLD_INVERSION_MASK_LENGTH=184                                                                                                                                                                               ; --            ; --           ; auto_signaltap_0 ;
; SLD_NODE_PARAMETER_ASSIGNMENT       ; SLD_STORAGE_QUALIFIER_INVERSION_MASK_LENGTH=0                                                                                                                                                               ; --            ; --           ; auto_signaltap_0 ;
; SLD_NODE_PARAMETER_ASSIGNMENT       ; SLD_SEGMENT_SIZE=2048                                                                                                                                                                                       ; --            ; --           ; auto_signaltap_0 ;
; SLD_NODE_PARAMETER_ASSIGNMENT       ; SLD_ATTRIBUTE_MEM_MODE=OFF                                                                                                                                                                                  ; --            ; --           ; auto_signaltap_0 ;
; SLD_NODE_PARAMETER_ASSIGNMENT       ; SLD_STATE_FLOW_USE_GENERATED=0                                                                                                                                                                              ; --            ; --           ; auto_signaltap_0 ;
; SLD_NODE_PARAMETER_ASSIGNMENT       ; SLD_STATE_BITS=11                                                                                                                                                                                           ; --            ; --           ; auto_signaltap_0 ;
; SLD_NODE_PARAMETER_ASSIGNMENT       ; SLD_BUFFER_FULL_STOP=1                                                                                                                                                                                      ; --            ; --           ; auto_signaltap_0 ;
; SLD_NODE_PARAMETER_ASSIGNMENT       ; SLD_CURRENT_RESOURCE_WIDTH=1                                                                                                                                                                                ; --            ; --           ; auto_signaltap_0 ;
; SLD_NODE_PARAMETER_ASSIGNMENT       ; SLD_INCREMENTAL_ROUTING=1                                                                                                                                                                                   ; --            ; --           ; auto_signaltap_0 ;
; SLD_NODE_PARAMETER_ASSIGNMENT       ; SLD_TRIGGER_LEVEL=1                                                                                                                                                                                         ; --            ; --           ; auto_signaltap_0 ;
; SLD_NODE_PARAMETER_ASSIGNMENT       ; SLD_SAMPLE_DEPTH=2048                                                                                                                                                                                       ; --            ; --           ; auto_signaltap_0 ;
; SLD_NODE_PARAMETER_ASSIGNMENT       ; SLD_TRIGGER_IN_ENABLED=0                                                                                                                                                                                    ; --            ; --           ; auto_signaltap_0 ;
; SLD_NODE_PARAMETER_ASSIGNMENT       ; SLD_TRIGGER_PIPELINE=0                                                                                                                                                                                      ; --            ; --           ; auto_signaltap_0 ;
; SLD_NODE_PARAMETER_ASSIGNMENT       ; SLD_RAM_PIPELINE=0                                                                                                                                                                                          ; --            ; --           ; auto_signaltap_0 ;
; SLD_NODE_PARAMETER_ASSIGNMENT       ; SLD_COUNTER_PIPELINE=0                                                                                                                                                                                      ; --            ; --           ; auto_signaltap_0 ;
; SLD_NODE_PARAMETER_ASSIGNMENT       ; SLD_ADVANCED_TRIGGER_ENTITY=basic,1,                                                                                                                                                                        ; --            ; --           ; auto_signaltap_0 ;
; SLD_NODE_PARAMETER_ASSIGNMENT       ; SLD_TRIGGER_LEVEL_PIPELINE=1                                                                                                                                                                                ; --            ; --           ; auto_signaltap_0 ;
; SLD_NODE_PARAMETER_ASSIGNMENT       ; SLD_ENABLE_ADVANCED_TRIGGER=0                                                                                                                                                                               ; --            ; --           ; auto_signaltap_0 ;
; SOPCINFO_FILE                       ; fft/synthesis/../../fft.sopcinfo                                                                                                                                                                            ; --            ; --           ; --               ;
; SPD_FILE                            ; fft/simulation/../fft.spd                                                                                                                                                                                   ; --            ; --           ; --               ;
; SYNTHESIS_ONLY_QIP                  ; On                                                                                                                                                                                                          ; --            ; --           ; --               ;
; USE_SIGNALTAP_FILE                  ; output_files/miniproject_1024.stp                                                                                                                                                                           ; --            ; --           ; --               ;
+-------------------------------------+-------------------------------------------------------------------------------------------------------------------------------------------------------------------------------------------------------------+---------------+--------------+------------------+


+--------------------------------------------------------------------------------------------------------------------------+
; Flow Elapsed Time                                                                                                        ;
+----------------------+--------------+-------------------------+---------------------+------------------------------------+
; Module Name          ; Elapsed Time ; Average Processors Used ; Peak Virtual Memory ; Total CPU Time (on all processors) ;
+----------------------+--------------+-------------------------+---------------------+------------------------------------+
; Analysis & Synthesis ; 00:02:22     ; 1.0                     ; 4991 MB             ; 00:01:54                           ;
; Fitter               ; 00:01:15     ; 1.1                     ; 5725 MB             ; 00:01:06                           ;
; Assembler            ; 00:00:04     ; 1.0                     ; 4706 MB             ; 00:00:04                           ;
; Timing Analyzer      ; 00:00:09     ; 1.2                     ; 4880 MB             ; 00:00:07                           ;
; Total                ; 00:03:50     ; --                      ; --                  ; 00:03:11                           ;
+----------------------+--------------+-------------------------+---------------------+------------------------------------+


+------------------------------------------------------------------------------------+
; Flow OS Summary                                                                    ;
+----------------------+------------------+------------+------------+----------------+
; Module Name          ; Machine Hostname ; OS Name    ; OS Version ; Processor type ;
+----------------------+------------------+------------+------------+----------------+
; Analysis & Synthesis ; Ethen-PC         ; Windows 10 ; 10.0       ; x86_64         ;
; Fitter               ; Ethen-PC         ; Windows 10 ; 10.0       ; x86_64         ;
; Assembler            ; Ethen-PC         ; Windows 10 ; 10.0       ; x86_64         ;
; Timing Analyzer      ; Ethen-PC         ; Windows 10 ; 10.0       ; x86_64         ;
+----------------------+------------------+------------+------------+----------------+


------------
; Flow Log ;
------------
quartus_map --read_settings_files=on --write_settings_files=off miniproject_1024 -c miniproject_1024
quartus_fit --read_settings_files=off --write_settings_files=off miniproject_1024 -c miniproject_1024
quartus_asm --read_settings_files=off --write_settings_files=off miniproject_1024 -c miniproject_1024
quartus_sta miniproject_1024 -c miniproject_1024



